0:3:Foo {
  a=(null)
  b=0:0:B {
    text="b"
  }
  bar1=1:3:Bb {
    baz=1:3:Baz {
      text="bar"
    }
  }
}
