0:3:Foo {
  a=0:0:A {
    text="a"
  }
  b=(null)
  bar1=1:3:Aa {
    bar=1:3:Bar {
      text="baz"
    }
  }
}
