GrammarDef(PackageDef(DottedId(Id(ee),List(Id(cyber), Id(simplicitas), Id(ide), Id(Simpl)))),OptionList(List(Id(backtrack), Id(memoize)),List(Id(true), Id(true))),List(NonTerminalDef(Id(GrammarDef),null,AltList(MatchList(List(Match(Id(header),MatchToken(null,RuleRef(Id(PackageDef)),null),null), Match(null,MatchToken(null,null,Str(';')),null), Match(Id(opts),MatchToken(null,RuleRef(Id(OptionList)),null),Modifier(?)), Match(Id(rules),MatchToken(null,RuleRef(Id(RuleDef)),null),Modifier(+)))),List())), NonTerminalDef(Id(PackageDef),null,AltList(MatchList(List(Match(null,MatchToken(null,null,Str('grammar')),null), Match(null,MatchToken(null,RuleRef(Id(DottedId)),null),null))),List())), NonTerminalDef(Id(OptionList),null,AltList(MatchList(List(Match(null,MatchToken(null,null,Str("options")),null), Match(null,MatchToken(null,null,Str("(")),null), Match(null,MatchToken(AltList(MatchList(List(Match(Id(name),MatchToken(null,RuleRef(Id(Id)),null),null), Match(null,MatchToken(null,null,Str("=")),null), Match(Id(value),MatchToken(null,RuleRef(Id(Id)),null),null), Match(null,MatchToken(null,null,Str(";")),null))),List()),null,null),Modifier(*)), Match(null,MatchToken(null,null,Str(")")),null))),List())), NonTerminalDef(Id(DottedId),Code({
    def text = (head :: tail) map(_.text) mkString(".")
}),AltList(MatchList(List(Match(Id(head),MatchToken(null,RuleRef(Id(Id)),null),null), Match(null,MatchToken(AltList(MatchList(List(Match(null,MatchToken(null,null,Str('.')),null), Match(Id(tail),MatchToken(null,RuleRef(Id(Id)),null),null))),List()),null,null),Modifier(*)))),List())), OptionDef(Id(RuleDef),Code({
    def name: Id
    var documentation: String = null
}),RuleRef(Id(TerminalDef)),List(RuleRef(Id(FragmentDef)), RuleRef(Id(OptionDef)), RuleRef(Id(NonTerminalDef)))), NonTerminalDef(Id(TerminalDef),null,AltList(MatchList(List(Match(null,MatchToken(null,null,Str('hidden')),Modifier(?)), Match(null,MatchToken(null,null,Str('terminal')),null), Match(Id(name),MatchToken(null,RuleRef(Id(Id)),null),null), Match(Id(params),MatchToken(null,RuleRef(Id(TermParams)),null),Modifier(?)), Match(Id(body),MatchToken(null,RuleRef(Id(Code)),null),Modifier(?)), Match(null,MatchToken(null,null,Str(':')),null), Match(Id(pattern),MatchToken(null,RuleRef(Id(Pattern)),null),null), Match(null,MatchToken(null,null,Str(';')),null))),List())), OptionDef(Id(Ref),Code({
    var ref: RuleDef = null
    }),RuleRef(Id(RuleRef)),List(RuleRef(Id(FragmentRef)))), NonTerminalDef(Id(RuleRef),null,AltList(MatchList(List(Match(null,MatchToken(null,RuleRef(Id(Id)),null),null))),List())), NonTerminalDef(Id(FragmentDef),null,AltList(MatchList(List(Match(null,MatchToken(null,null,Str('fragment')),null), Match(Id(name),MatchToken(null,RuleRef(Id(Id)),null),null), Match(null,MatchToken(null,null,Str(':')),null), Match(Id(pattern),MatchToken(null,RuleRef(Id(Pattern)),null),null), Match(null,MatchToken(null,null,Str(';')),null))),List())), NonTerminalDef(Id(OptionDef),null,AltList(MatchList(List(Match(null,MatchToken(null,null,Str('option')),null), Match(Id(name),MatchToken(null,RuleRef(Id(Id)),null),null), Match(Id(body),MatchToken(null,RuleRef(Id(Code)),null),Modifier(?)), Match(null,MatchToken(null,null,Str(':')),null), Match(Id(alts),MatchToken(null,RuleRef(Id(RuleRef)),null),null), Match(null,MatchToken(AltList(MatchList(List(Match(null,MatchToken(null,null,Str('|')),null), Match(Id(alts2),MatchToken(null,RuleRef(Id(RuleRef)),null),null))),List()),null,null),Modifier(*)), Match(null,MatchToken(null,null,Str(';')),null))),List())), NonTerminalDef(Id(NonTerminalDef),null,AltList(MatchList(List(Match(Id(name),MatchToken(null,RuleRef(Id(Id)),null),null), Match(Id(body),MatchToken(null,RuleRef(Id(Code)),null),Modifier(?)), Match(null,MatchToken(null,null,Str(':')),null), Match(Id(alt),MatchToken(null,RuleRef(Id(AltList)),null),null), Match(null,MatchToken(null,null,Str(';')),null))),List())), NonTerminalDef(Id(AltList),null,AltList(MatchList(List(Match(Id(lst),MatchToken(null,RuleRef(Id(MatchList)),null),null), Match(null,MatchToken(AltList(MatchList(List(Match(null,MatchToken(null,null,Str('|')),null), Match(Id(lst2),MatchToken(null,RuleRef(Id(MatchList)),null),null))),List()),null,null),Modifier(*)))),List())), NonTerminalDef(Id(MatchList),null,AltList(MatchList(List(Match(Id(m),MatchToken(null,RuleRef(Id(Match)),null),Modifier(+)))),List())), NonTerminalDef(Id(Match),null,AltList(MatchList(List(Match(null,MatchToken(AltList(MatchList(List(Match(Id(name),MatchToken(null,RuleRef(Id(Id)),null),null), Match(null,MatchToken(null,null,Str('=')),null))),List()),null,null),Modifier(?)), Match(Id(token),MatchToken(null,RuleRef(Id(MatchToken)),null),null), Match(Id(modifier),MatchToken(null,RuleRef(Id(Modifier)),null),Modifier(?)))),List())), TerminalDef(Id(Modifier),null,null,Pattern(TermList(List(TermMatch(null,TerminalLiteral(Str('?')),null,List()))),List(TermList(List(TermMatch(null,TerminalLiteral(Str('*')),null,List()))), TermList(List(TermMatch(null,TerminalLiteral(Str('+')),null,List())))))), NonTerminalDef(Id(MatchToken),null,AltList(MatchList(List(Match(null,MatchToken(null,null,Str('(')),null), Match(Id(alt),MatchToken(null,RuleRef(Id(AltList)),null),null), Match(null,MatchToken(null,null,Str(')')),null))),List(MatchList(List(Match(Id(ref),MatchToken(null,RuleRef(Id(RuleRef)),null),null))), MatchList(List(Match(null,MatchToken(null,RuleRef(Id(Str)),null),null)))))), NonTerminalDef(Id(TermParams),null,AltList(MatchList(List(Match(null,MatchToken(null,null,Str('(')),null), Match(Id(param),MatchToken(null,RuleRef(Id(TermParam)),null),null), Match(null,MatchToken(AltList(MatchList(List(Match(null,MatchToken(null,null,Str(',')),null), Match(Id(param2),MatchToken(null,RuleRef(Id(TermParam)),null),null))),List()),null,null),Modifier(*)), Match(null,MatchToken(null,null,Str(')')),null))),List())), NonTerminalDef(Id(TermParam),null,AltList(MatchList(List(Match(Id(name),MatchToken(null,RuleRef(Id(Id)),null),null), Match(null,MatchToken(null,null,Str(':')),null), Match(Id(dotted),MatchToken(null,RuleRef(Id(DottedId)),null),null), Match(null,MatchToken(null,null,Str('=')),null), Match(null,MatchToken(null,RuleRef(Id(Code)),null),null))),List())), NonTerminalDef(Id(Pattern),null,AltList(MatchList(List(Match(Id(lst),MatchToken(null,RuleRef(Id(TermList)),null),null), Match(null,MatchToken(AltList(MatchList(List(Match(null,MatchToken(null,null,Str('|')),null), Match(Id(lst2),MatchToken(null,RuleRef(Id(TermList)),null),null))),List()),null,null),Modifier(*)))),List())), NonTerminalDef(Id(TermList),null,AltList(MatchList(List(Match(Id(termMatch),MatchToken(null,RuleRef(Id(TermMatch)),null),Modifier(+)))),List())), NonTerminalDef(Id(TermMatch),null,AltList(MatchList(List(Match(null,MatchToken(AltList(MatchList(List(Match(Id(inv),MatchToken(null,RuleRef(Id(Tilde)),null),null))),List()),null,null),Modifier(?)), Match(Id(t),MatchToken(null,RuleRef(Id(Terminal)),null),null), Match(Id(modifier),MatchToken(null,RuleRef(Id(Modifier)),null),Modifier(?)), Match(Id(code),MatchToken(null,RuleRef(Id(Code)),null),Modifier(*)))),List())), OptionDef(Id(Terminal),null,RuleRef(Id(TerminalList)),List(RuleRef(Id(FragmentRef)), RuleRef(Id(TerminalRange)), RuleRef(Id(TerminalLiteral)), RuleRef(Id(TerminalDot)))), NonTerminalDef(Id(TerminalList),null,AltList(MatchList(List(Match(null,MatchToken(null,null,Str('(')),null), Match(Id(pattern),MatchToken(null,RuleRef(Id(Pattern)),null),null), Match(null,MatchToken(null,null,Str(')')),null))),List())), NonTerminalDef(Id(FragmentRef),null,AltList(MatchList(List(Match(null,MatchToken(null,RuleRef(Id(Id)),null),null))),List())), NonTerminalDef(Id(TerminalRange),null,AltList(MatchList(List(Match(Id(start),MatchToken(null,RuleRef(Id(Str)),null),null), Match(null,MatchToken(null,null,Str('..')),null), Match(Id(end),MatchToken(null,RuleRef(Id(Str)),null),null))),List())), NonTerminalDef(Id(TerminalLiteral),null,AltList(MatchList(List(Match(Id(str),MatchToken(null,RuleRef(Id(Str)),null),null))),List())), NonTerminalDef(Id(TerminalDot),null,AltList(MatchList(List(Match(null,MatchToken(null,null,Str('.')),null))),List())), FragmentDef(Id(Letter),Pattern(TermList(List(TermMatch(null,TerminalRange(Str('a'),Str('z')),null,List()))),List(TermList(List(TermMatch(null,TerminalRange(Str('A'),Str('Z')),null,List()))), TermList(List(TermMatch(null,TerminalLiteral(Str('_')),null,List())))))), TerminalDef(Id(Tilde),null,null,Pattern(TermList(List(TermMatch(null,TerminalLiteral(Str('~')),null,List()))),List())), TerminalDef(Id(Id),null,null,Pattern(TermList(List(TermMatch(null,FragmentRef(Id(Letter)),null,List()), TermMatch(null,TerminalList(Pattern(TermList(List(TermMatch(null,FragmentRef(Id(Letter)),null,List()))),List(TermList(List(TermMatch(null,TerminalRange(Str('0'),Str('9')),null,List())))))),Modifier(*),List()))),List())), FragmentDef(Id(SingleQuotedStr),Pattern(TermList(List(TermMatch(null,TerminalLiteral(Str('\'')),null,List()), TermMatch(null,TerminalList(Pattern(TermList(List(TermMatch(Tilde(~),TerminalList(Pattern(TermList(List(TermMatch(null,TerminalLiteral(Str('\'')),null,List()))),List(TermList(List(TermMatch(null,TerminalLiteral(Str('\\')),null,List())))))),null,List()))),List(TermList(List(TermMatch(null,TerminalLiteral(Str('\\')),null,List()), TermMatch(null,TerminalDot(),null,List())))))),Modifier(*),List()), TermMatch(null,TerminalLiteral(Str('\'')),null,List()))),List())), FragmentDef(Id(DoubleQuotedStr),Pattern(TermList(List(TermMatch(null,TerminalLiteral(Str('"')),null,List()), TermMatch(null,TerminalList(Pattern(TermList(List(TermMatch(Tilde(~),TerminalList(Pattern(TermList(List(TermMatch(null,TerminalLiteral(Str('"')),null,List()))),List(TermList(List(TermMatch(null,TerminalLiteral(Str('\\')),null,List())))))),null,List()))),List(TermList(List(TermMatch(null,TerminalLiteral(Str('\\')),null,List()), TermMatch(null,TerminalDot(),null,List())))))),Modifier(*),List()), TermMatch(null,TerminalLiteral(Str('"')),null,List()))),List())), TerminalDef(Id(Str),null,null,Pattern(TermList(List(TermMatch(null,FragmentRef(Id(SingleQuotedStr)),null,List()))),List(TermList(List(TermMatch(null,FragmentRef(Id(DoubleQuotedStr)),null,List())))))), TerminalDef(Id(Code),null,null,Pattern(TermList(List(TermMatch(null,TerminalLiteral(Str('{')),null,List()), TermMatch(null,TerminalList(Pattern(TermList(List(TermMatch(Tilde(~),TerminalList(Pattern(TermList(List(TermMatch(null,TerminalLiteral(Str('{')),null,List()))),List(TermList(List(TermMatch(null,TerminalLiteral(Str('}')),null,List())))))),null,List()))),List(TermList(List(TermMatch(null,FragmentRef(Id(Code)),null,List())))))),Modifier(*),List()), TermMatch(null,TerminalLiteral(Str('}')),null,List()))),List())), TerminalDef(Id(SlComment),null,null,Pattern(TermList(List(TermMatch(null,TerminalLiteral(Str('//')),null,List()), TermMatch(Tilde(~),TerminalList(Pattern(TermList(List(TermMatch(null,TerminalLiteral(Str('\r')),null,List()))),List(TermList(List(TermMatch(null,TerminalLiteral(Str('\n')),null,List())))))),Modifier(*),List()))),List())), TerminalDef(Id(MlComment),null,null,Pattern(TermList(List(TermMatch(null,TerminalLiteral(Str('/*')),null,List()), TermMatch(null,TerminalList(Pattern(TermList(List(TermMatch(null,FragmentRef(Id(MlComment)),null,List()))),List(TermList(List(TermMatch(Tilde(~),TerminalList(Pattern(TermList(List(TermMatch(null,TerminalLiteral(Str('*')),null,List()))),List(TermList(List(TermMatch(null,TerminalLiteral(Str('/')),null,List())))))),null,List()))), TermList(List(TermMatch(null,TerminalLiteral(Str('/')),null,List()), TermMatch(Tilde(~),TerminalLiteral(Str('*')),null,List()))), TermList(List(TermMatch(null,TerminalLiteral(Str('*')),null,List()), TermMatch(Tilde(~),TerminalLiteral(Str('/')),null,List())))))),Modifier(*),List()), TermMatch(null,TerminalLiteral(Str('*/')),null,List()))),List())), TerminalDef(Id(WS),null,null,Pattern(TermList(List(TermMatch(null,TerminalList(Pattern(TermList(List(TermMatch(null,TerminalLiteral(Str(' ')),null,List()))),List(TermList(List(TermMatch(null,TerminalLiteral(Str('\t')),null,List()))), TermList(List(TermMatch(null,TerminalLiteral(Str('\n')),null,List()))), TermList(List(TermMatch(null,TerminalLiteral(Str('\r')),null,List())))))),Modifier(+),List()))),List()))))