0:4:Foo {
  bar=(null)
  foo=4:4:Bar {
    id=4:4:Id {
      text="a"
    }
  }
}
