0:7:Program {
  foo=(null)
  foo2=0:7:Foo2 {
    bar=7:7:Id {
      text="b"
    }
    foo=5:5:Id {
      text="a"
    }
  }
}
